Parsed test spec with 2 sessions

starting permutation: lock vac_specified drop_and_commit
step lock: 
	BEGIN;
	LOCK test1 IN SHARE MODE;

step vac_specified: VACUUM test1, test2; <waiting ...>
step drop_and_commit: 
	DROP TABLE test2;
	COMMIT;

WARNING:  skipping vacuum of "test2" --- relation no longer exists
step vac_specified: <... completed>

starting permutation: lock vac_all drop_and_commit
step lock: 
	BEGIN;
	LOCK test1 IN SHARE MODE;

step vac_all: VACUUM; <waiting ...>
step drop_and_commit: 
	DROP TABLE test2;
	COMMIT;

step vac_all: <... completed>

starting permutation: lock analyze_specified drop_and_commit
step lock: 
	BEGIN;
	LOCK test1 IN SHARE MODE;

step analyze_specified: ANALYZE test1, test2; <waiting ...>
step drop_and_commit: 
	DROP TABLE test2;
	COMMIT;

WARNING:  skipping analyze of "test2" --- relation no longer exists
step analyze_specified: <... completed>

starting permutation: lock analyze_all drop_and_commit
step lock: 
	BEGIN;
	LOCK test1 IN SHARE MODE;

step analyze_all: ANALYZE; <waiting ...>
step drop_and_commit: 
	DROP TABLE test2;
	COMMIT;

step analyze_all: <... completed>

starting permutation: lock vac_analyze_specified drop_and_commit
step lock: 
	BEGIN;
	LOCK test1 IN SHARE MODE;

step vac_analyze_specified: VACUUM ANALYZE test1, test2; <waiting ...>
step drop_and_commit: 
	DROP TABLE test2;
	COMMIT;

WARNING:  skipping vacuum of "test2" --- relation no longer exists
step vac_analyze_specified: <... completed>

starting permutation: lock vac_analyze_all drop_and_commit
step lock: 
	BEGIN;
	LOCK test1 IN SHARE MODE;

step vac_analyze_all: VACUUM ANALYZE; <waiting ...>
step drop_and_commit: 
	DROP TABLE test2;
	COMMIT;

step vac_analyze_all: <... completed>
