Parsed test spec with 2 sessions

starting permutation: start_lwlock get_current_lwlock stop_wait get_profile get_history_lwlock
step start_lwlock: 
	SELECT pg_stat_wait_start_wait(1, 10, 1, 0, 0, 0, 5);
	SELECT pg_sleep(1);

pg_stat_wait_start_wait

               
pg_sleep       

               
step get_current_lwlock: 
	SELECT
		pid > 0,
		(now() - sample_ts) < interval '1 hour',
		class_id,
		class_name,
		event_id,
		event_name,
		p1, p2, p3, p4, p5
	FROM pg_stat_wait_current
	WHERE class_id = 1;

?column?       ?column?       class_id       class_name     event_id       event_name     p1             p2             p3             p4             p5             

t              t              1              LWLocks        10             CheckpointLock 1              0              0              0              5              
step stop_wait: 
	SELECT pg_stat_wait_stop_wait();

pg_stat_wait_stop_wait

               
step get_profile: 
	SELECT pid > 0, class_id, class_name, event_id, event_name, wait_time > 0
	FROM pg_stat_wait_profile
	where class_id = 1 AND event_id = 10 AND wait_count > 0;

?column?       class_id       class_name     event_id       event_name     ?column?       

t              1              LWLocks        10             CheckpointLock t              
step get_history_lwlock: 
	SELECT
		pid > 0,
		(now() - sample_ts) < interval '1 hour',
		class_id,
		class_name,
		event_id,
		event_name,
		wait_time > 0,
		p1, p2, p3, p4, p5
	FROM pg_stat_wait_history
	WHERE class_id=1 AND p5=5;

?column?       ?column?       class_id       class_name     event_id       event_name     ?column?       p1             p2             p3             p4             p5             

t              t              1              LWLocks        10             CheckpointLock t              1              0              0              0              5              

starting permutation: start_io get_current_io stop_wait get_profile get_history_io
step start_io: 
	SELECT pg_stat_wait_start_wait(3, 1, 1, 2, 3, 4, 5);
	SELECT pg_sleep(1);

pg_stat_wait_start_wait

               
pg_sleep       

               
step get_current_io: 
	SELECT
		pid > 0,
		(now() - sample_ts) < interval '1 minute',
		class_id,
		class_name,
		event_id,
		event_name,
		p1, p2, p3, p4, p5
	FROM pg_stat_wait_current
	WHERE class_id = 3;

?column?       ?column?       class_id       class_name     event_id       event_name     p1             p2             p3             p4             p5             

t              t              3              Storage        1              SMGR_WRITE     1              2              3              4              5              
step stop_wait: 
	SELECT pg_stat_wait_stop_wait();

pg_stat_wait_stop_wait

               
step get_profile: 
	SELECT pid > 0, class_id, class_name, event_id, event_name, wait_time > 0
	FROM pg_stat_wait_profile
	where class_id = 1 AND event_id = 10 AND wait_count > 0;

?column?       class_id       class_name     event_id       event_name     ?column?       

t              1              LWLocks        10             CheckpointLock t              
step get_history_io: 
	SELECT (count(*) > 0) AS io_wait_recorded
	FROM pg_stat_wait_history
	WHERE class_id = 3 AND event_id=1 AND p1=1 AND p2=2 AND p3=3 AND p4=4 AND p5=5;

io_wait_recorded

t              
